Processing file assert-bool.bpl
Processing file assume-bool.bpl
Processing file ax1.bpl
Processing file axiom-heap-1.bpl
Processing file call-proc-in-expr.bpl
Processing file cmp-bool-int.bpl
Processing file deduce-array-type.bpl
Processing file dep-in-impl.bpl
Processing file ensures-bool.bpl
Processing file ensures-local.bpl
Processing file global-shadowing.bpl
Processing file global-shadowing2.bpl
Processing file global-shadowing3.bpl
Processing file havoc.bpl
Processing file impl-proc-mismatch.bpl
Processing file index2.bpl
Processing file missing-block.bpl
Processing file modifes-local.bpl
Processing file modifes-undef.bpl
Processing file plus-on-bool.bpl
Processing file requires-bool.bpl
Processing file requires-local.bpl
Processing file ret-int-any.bpl
Processing file ret-int-bool-2.bpl
Processing file ret-int-bool.bpl
Processing file s1.bpl
Processing file s2.bpl
Processing file s3.bpl
Processing file s4.bpl
Processing file shadowing.bpl
Processing file shadowing2.bpl
Processing file small.bpl
Processing file syntax1.bpl
Processing file syntax2.bpl
Processing file syntax3.bpl
Processing file syntax4.bpl
