


  boo




  

    
      Assignment: string lhs, expression rhs;
      Function: string name, string arguments, COMMAND commands;
      Io: type direction, string variable;
      Program: string name, FUNCTION functions;


  

    
      Assignment: string lhs, expression rhs;
      Function: string name, List<string> arguments, List<COMMAND> commands;
      Io: type direction, string variable;
      Program: string name, List<FUNCTION> functions;
