=== array-axioms.bpl ===
=== explicit.bpl ===
=== nested.bpl ===
=== scope.bpl ===
=== swap-1.bpl ===
=== swap-2.bpl ===
