Processing file indexed-subtype.bpl
Processing file int-any-thing.bpl
