=== assert-bool.bpl ===
=== assume-bool.bpl ===
=== ax1.bpl ===
=== call-proc-in-expr.bpl ===
=== cmp-bool-int.bpl ===
=== deduce-array-type.bpl ===
=== ensures-bool.bpl ===
=== ensures-local.bpl ===
=== global-shadowing2.bpl ===
=== global-shadowing3.bpl ===
=== global-shadowing.bpl ===
=== havoc.bpl ===
=== index2.bpl ===
=== int-any-thing.bpl ===
=== modifes-local.bpl ===
=== modifes-undef.bpl ===
=== plus-on-bool.bpl ===
=== requires-bool.bpl ===
=== requires-local.bpl ===
=== ret-int-any.bpl ===
=== ret-int-bool-2.bpl ===
=== ret-int-bool.bpl ===
=== s1.bpl ===
=== s2.bpl ===
=== s3.bpl ===
=== s4.bpl ===
=== shadowing2.bpl ===
=== shadowing.bpl ===
=== small.bpl ===
=== syntax1.bpl ===
=== syntax2.bpl ===
=== syntax3.bpl ===
=== syntax4.bpl ===
