
TypeDecl(type_decl * parameters * unary_op * call_cmd * variable_decl * atom_quant * assert_assume_cmd * specification * identifiers * exprs * variable_decls * identifier * program * expr * body * constant_decl * declaration * assignment_cmd * commands * implementation * atom_fun * index * atom_old * command * block_end * type * procedure * atom_num * matrix_type * primitive_type * atom * binary_op * block * array_type * axiom * function * local_decls * atom_cast * atom_lit * havoc_cmd * atom_id) + Parameters(type_decl * parameters * unary_op * call_cmd * variable_decl * atom_quant * assert_assume_cmd * specification * identifiers * exprs * variable_decls * identifier * program * expr * body * constant_decl * declaration * assignment_cmd * commands * implementation * atom_fun * index * atom_old * command * block_end * type * procedure * atom_num * matrix_type * primitive_type * atom * binary_op * block * array_type * axiom * function * local_decls * atom_cast * atom_lit * havoc_cmd * atom_id) + UnaryOp(type_decl * parameters * unary_op * call_cmd * variable_decl * atom_quant * assert_assume_cmd * specification * identifiers * exprs * variable_decls * identifier * program * expr * body * constant_decl * declaration * assignment_cmd * commands * implementation * atom_fun * index * atom_old * command * block_end * type * procedure * atom_num * matrix_type * primitive_type * atom * binary_op * block * array_type * axiom * function * local_decls * atom_cast * atom_lit * havoc_cmd * atom_id) + CallCmd(type_decl * parameters * unary_op * call_cmd * variable_decl * atom_quant * assert_assume_cmd * specification * identifiers * exprs * variable_decls * identifier * program * expr * body * constant_decl * declaration * assignment_cmd * commands * implementation * atom_fun * index * atom_old * command * block_end * type * procedure * atom_num * matrix_type * primitive_type * atom * binary_op * block * array_type * axiom * function * local_decls * atom_cast * atom_lit * havoc_cmd * atom_id) + VariableDecl(type_decl * parameters * unary_op * call_cmd * variable_decl * atom_quant * assert_assume_cmd * specification * identifiers * exprs * variable_decls * identifier * program * expr * body * constant_decl * declaration * assignment_cmd * commands * implementation * atom_fun * index * atom_old * command * block_end * type * procedure * atom_num * matrix_type * primitive_type * atom * binary_op * block * array_type * axiom * function * local_decls * atom_cast * atom_lit * havoc_cmd * atom_id) + AtomQuant(type_decl * parameters * unary_op * call_cmd * variable_decl * atom_quant * assert_assume_cmd * specification * identifiers * exprs * variable_decls * identifier * program * expr * body * constant_decl * declaration * assignment_cmd * commands * implementation * atom_fun * index * atom_old * command * block_end * type * procedure * atom_num * matrix_type * primitive_type * atom * binary_op * block * array_type * axiom * function * local_decls * atom_cast * atom_lit * havoc_cmd * atom_id) + AssertAssumeCmd(type_decl * parameters * unary_op * call_cmd * variable_decl * atom_quant * assert_assume_cmd * specification * identifiers * exprs * variable_decls * identifier * program * expr * body * constant_decl * declaration * assignment_cmd * commands * implementation * atom_fun * index * atom_old * command * block_end * type * procedure * atom_num * matrix_type * primitive_type * atom * binary_op * block * array_type * axiom * function * local_decls * atom_cast * atom_lit * havoc_cmd * atom_id) + Specification(type_decl * parameters * unary_op * call_cmd * variable_decl * atom_quant * assert_assume_cmd * specification * identifiers * exprs * variable_decls * identifier * program * expr * body * constant_decl * declaration * assignment_cmd * commands * implementation * atom_fun * index * atom_old * command * block_end * type * procedure * atom_num * matrix_type * primitive_type * atom * binary_op * block * array_type * axiom * function * local_decls * atom_cast * atom_lit * havoc_cmd * atom_id) + Identifiers(type_decl * parameters * unary_op * call_cmd * variable_decl * atom_quant * assert_assume_cmd * specification * identifiers * exprs * variable_decls * identifier * program * expr * body * constant_decl * declaration * assignment_cmd * commands * implementation * atom_fun * index * atom_old * command * block_end * type * procedure * atom_num * matrix_type * primitive_type * atom * binary_op * block * array_type * axiom * function * local_decls * atom_cast * atom_lit * havoc_cmd * atom_id) + Exprs(type_decl * parameters * unary_op * call_cmd * variable_decl * atom_quant * assert_assume_cmd * specification * identifiers * exprs * variable_decls * identifier * program * expr * body * constant_decl * declaration * assignment_cmd * commands * implementation * atom_fun * index * atom_old * command * block_end * type * procedure * atom_num * matrix_type * primitive_type * atom * binary_op * block * array_type * axiom * function * local_decls * atom_cast * atom_lit * havoc_cmd * atom_id) + VariableDecls(type_decl * parameters * unary_op * call_cmd * variable_decl * atom_quant * assert_assume_cmd * specification * identifiers * exprs * variable_decls * identifier * program * expr * body * constant_decl * declaration * assignment_cmd * commands * implementation * atom_fun * index * atom_old * command * block_end * type * procedure * atom_num * matrix_type * primitive_type * atom * binary_op * block * array_type * axiom * function * local_decls * atom_cast * atom_lit * havoc_cmd * atom_id) + Identifier(type_decl * parameters * unary_op * call_cmd * variable_decl * atom_quant * assert_assume_cmd * specification * identifiers * exprs * variable_decls * identifier * program * expr * body * constant_decl * declaration * assignment_cmd * commands * implementation * atom_fun * index * atom_old * command * block_end * type * procedure * atom_num * matrix_type * primitive_type * atom * binary_op * block * array_type * axiom * function * local_decls * atom_cast * atom_lit * havoc_cmd * atom_id) + Program(type_decl * parameters * unary_op * call_cmd * variable_decl * atom_quant * assert_assume_cmd * specification * identifiers * exprs * variable_decls * identifier * program * expr * body * constant_decl * declaration * assignment_cmd * commands * implementation * atom_fun * index * atom_old * command * block_end * type * procedure * atom_num * matrix_type * primitive_type * atom * binary_op * block * array_type * axiom * function * local_decls * atom_cast * atom_lit * havoc_cmd * atom_id) + Expr(type_decl * parameters * unary_op * call_cmd * variable_decl * atom_quant * assert_assume_cmd * specification * identifiers * exprs * variable_decls * identifier * program * expr * body * constant_decl * declaration * assignment_cmd * commands * implementation * atom_fun * index * atom_old * command * block_end * type * procedure * atom_num * matrix_type * primitive_type * atom * binary_op * block * array_type * axiom * function * local_decls * atom_cast * atom_lit * havoc_cmd * atom_id) + Body(type_decl * parameters * unary_op * call_cmd * variable_decl * atom_quant * assert_assume_cmd * specification * identifiers * exprs * variable_decls * identifier * program * expr * body * constant_decl * declaration * assignment_cmd * commands * implementation * atom_fun * index * atom_old * command * block_end * type * procedure * atom_num * matrix_type * primitive_type * atom * binary_op * block * array_type * axiom * function * local_decls * atom_cast * atom_lit * havoc_cmd * atom_id) + ConstantDecl(type_decl * parameters * unary_op * call_cmd * variable_decl * atom_quant * assert_assume_cmd * specification * identifiers * exprs * variable_decls * identifier * program * expr * body * constant_decl * declaration * assignment_cmd * commands * implementation * atom_fun * index * atom_old * command * block_end * type * procedure * atom_num * matrix_type * primitive_type * atom * binary_op * block * array_type * axiom * function * local_decls * atom_cast * atom_lit * havoc_cmd * atom_id) + Declaration(type_decl * parameters * unary_op * call_cmd * variable_decl * atom_quant * assert_assume_cmd * specification * identifiers * exprs * variable_decls * identifier * program * expr * body * constant_decl * declaration * assignment_cmd * commands * implementation * atom_fun * index * atom_old * command * block_end * type * procedure * atom_num * matrix_type * primitive_type * atom * binary_op * block * array_type * axiom * function * local_decls * atom_cast * atom_lit * havoc_cmd * atom_id) + AssignmentCmd(type_decl * parameters * unary_op * call_cmd * variable_decl * atom_quant * assert_assume_cmd * specification * identifiers * exprs * variable_decls * identifier * program * expr * body * constant_decl * declaration * assignment_cmd * commands * implementation * atom_fun * index * atom_old * command * block_end * type * procedure * atom_num * matrix_type * primitive_type * atom * binary_op * block * array_type * axiom * function * local_decls * atom_cast * atom_lit * havoc_cmd * atom_id) + Commands(type_decl * parameters * unary_op * call_cmd * variable_decl * atom_quant * assert_assume_cmd * specification * identifiers * exprs * variable_decls * identifier * program * expr * body * constant_decl * declaration * assignment_cmd * commands * implementation * atom_fun * index * atom_old * command * block_end * type * procedure * atom_num * matrix_type * primitive_type * atom * binary_op * block * array_type * axiom * function * local_decls * atom_cast * atom_lit * havoc_cmd * atom_id) + Implementation(type_decl * parameters * unary_op * call_cmd * variable_decl * atom_quant * assert_assume_cmd * specification * identifiers * exprs * variable_decls * identifier * program * expr * body * constant_decl * declaration * assignment_cmd * commands * implementation * atom_fun * index * atom_old * command * block_end * type * procedure * atom_num * matrix_type * primitive_type * atom * binary_op * block * array_type * axiom * function * local_decls * atom_cast * atom_lit * havoc_cmd * atom_id) + AtomFun(type_decl * parameters * unary_op * call_cmd * variable_decl * atom_quant * assert_assume_cmd * specification * identifiers * exprs * variable_decls * identifier * program * expr * body * constant_decl * declaration * assignment_cmd * commands * implementation * atom_fun * index * atom_old * command * block_end * type * procedure * atom_num * matrix_type * primitive_type * atom * binary_op * block * array_type * axiom * function * local_decls * atom_cast * atom_lit * havoc_cmd * atom_id) + Index(type_decl * parameters * unary_op * call_cmd * variable_decl * atom_quant * assert_assume_cmd * specification * identifiers * exprs * variable_decls * identifier * program * expr * body * constant_decl * declaration * assignment_cmd * commands * implementation * atom_fun * index * atom_old * command * block_end * type * procedure * atom_num * matrix_type * primitive_type * atom * binary_op * block * array_type * axiom * function * local_decls * atom_cast * atom_lit * havoc_cmd * atom_id) + AtomOld(type_decl * parameters * unary_op * call_cmd * variable_decl * atom_quant * assert_assume_cmd * specification * identifiers * exprs * variable_decls * identifier * program * expr * body * constant_decl * declaration * assignment_cmd * commands * implementation * atom_fun * index * atom_old * command * block_end * type * procedure * atom_num * matrix_type * primitive_type * atom * binary_op * block * array_type * axiom * function * local_decls * atom_cast * atom_lit * havoc_cmd * atom_id) + Command(type_decl * parameters * unary_op * call_cmd * variable_decl * atom_quant * assert_assume_cmd * specification * identifiers * exprs * variable_decls * identifier * program * expr * body * constant_decl * declaration * assignment_cmd * commands * implementation * atom_fun * index * atom_old * command * block_end * type * procedure * atom_num * matrix_type * primitive_type * atom * binary_op * block * array_type * axiom * function * local_decls * atom_cast * atom_lit * havoc_cmd * atom_id) + BlockEnd(type_decl * parameters * unary_op * call_cmd * variable_decl * atom_quant * assert_assume_cmd * specification * identifiers * exprs * variable_decls * identifier * program * expr * body * constant_decl * declaration * assignment_cmd * commands * implementation * atom_fun * index * atom_old * command * block_end * type * procedure * atom_num * matrix_type * primitive_type * atom * binary_op * block * array_type * axiom * function * local_decls * atom_cast * atom_lit * havoc_cmd * atom_id) + Type(type_decl * parameters * unary_op * call_cmd * variable_decl * atom_quant * assert_assume_cmd * specification * identifiers * exprs * variable_decls * identifier * program * expr * body * constant_decl * declaration * assignment_cmd * commands * implementation * atom_fun * index * atom_old * command * block_end * type * procedure * atom_num * matrix_type * primitive_type * atom * binary_op * block * array_type * axiom * function * local_decls * atom_cast * atom_lit * havoc_cmd * atom_id) + Procedure(type_decl * parameters * unary_op * call_cmd * variable_decl * atom_quant * assert_assume_cmd * specification * identifiers * exprs * variable_decls * identifier * program * expr * body * constant_decl * declaration * assignment_cmd * commands * implementation * atom_fun * index * atom_old * command * block_end * type * procedure * atom_num * matrix_type * primitive_type * atom * binary_op * block * array_type * axiom * function * local_decls * atom_cast * atom_lit * havoc_cmd * atom_id) + AtomNum(type_decl * parameters * unary_op * call_cmd * variable_decl * atom_quant * assert_assume_cmd * specification * identifiers * exprs * variable_decls * identifier * program * expr * body * constant_decl * declaration * assignment_cmd * commands * implementation * atom_fun * index * atom_old * command * block_end * type * procedure * atom_num * matrix_type * primitive_type * atom * binary_op * block * array_type * axiom * function * local_decls * atom_cast * atom_lit * havoc_cmd * atom_id) + MatrixType(type_decl * parameters * unary_op * call_cmd * variable_decl * atom_quant * assert_assume_cmd * specification * identifiers * exprs * variable_decls * identifier * program * expr * body * constant_decl * declaration * assignment_cmd * commands * implementation * atom_fun * index * atom_old * command * block_end * type * procedure * atom_num * matrix_type * primitive_type * atom * binary_op * block * array_type * axiom * function * local_decls * atom_cast * atom_lit * havoc_cmd * atom_id) + PrimitiveType(type_decl * parameters * unary_op * call_cmd * variable_decl * atom_quant * assert_assume_cmd * specification * identifiers * exprs * variable_decls * identifier * program * expr * body * constant_decl * declaration * assignment_cmd * commands * implementation * atom_fun * index * atom_old * command * block_end * type * procedure * atom_num * matrix_type * primitive_type * atom * binary_op * block * array_type * axiom * function * local_decls * atom_cast * atom_lit * havoc_cmd * atom_id) + Atom(type_decl * parameters * unary_op * call_cmd * variable_decl * atom_quant * assert_assume_cmd * specification * identifiers * exprs * variable_decls * identifier * program * expr * body * constant_decl * declaration * assignment_cmd * commands * implementation * atom_fun * index * atom_old * command * block_end * type * procedure * atom_num * matrix_type * primitive_type * atom * binary_op * block * array_type * axiom * function * local_decls * atom_cast * atom_lit * havoc_cmd * atom_id) + BinaryOp(type_decl * parameters * unary_op * call_cmd * variable_decl * atom_quant * assert_assume_cmd * specification * identifiers * exprs * variable_decls * identifier * program * expr * body * constant_decl * declaration * assignment_cmd * commands * implementation * atom_fun * index * atom_old * command * block_end * type * procedure * atom_num * matrix_type * primitive_type * atom * binary_op * block * array_type * axiom * function * local_decls * atom_cast * atom_lit * havoc_cmd * atom_id) + Block(type_decl * parameters * unary_op * call_cmd * variable_decl * atom_quant * assert_assume_cmd * specification * identifiers * exprs * variable_decls * identifier * program * expr * body * constant_decl * declaration * assignment_cmd * commands * implementation * atom_fun * index * atom_old * command * block_end * type * procedure * atom_num * matrix_type * primitive_type * atom * binary_op * block * array_type * axiom * function * local_decls * atom_cast * atom_lit * havoc_cmd * atom_id) + ArrayType(type_decl * parameters * unary_op * call_cmd * variable_decl * atom_quant * assert_assume_cmd * specification * identifiers * exprs * variable_decls * identifier * program * expr * body * constant_decl * declaration * assignment_cmd * commands * implementation * atom_fun * index * atom_old * command * block_end * type * procedure * atom_num * matrix_type * primitive_type * atom * binary_op * block * array_type * axiom * function * local_decls * atom_cast * atom_lit * havoc_cmd * atom_id) + Axiom(type_decl * parameters * unary_op * call_cmd * variable_decl * atom_quant * assert_assume_cmd * specification * identifiers * exprs * variable_decls * identifier * program * expr * body * constant_decl * declaration * assignment_cmd * commands * implementation * atom_fun * index * atom_old * command * block_end * type * procedure * atom_num * matrix_type * primitive_type * atom * binary_op * block * array_type * axiom * function * local_decls * atom_cast * atom_lit * havoc_cmd * atom_id) + Function(type_decl * parameters * unary_op * call_cmd * variable_decl * atom_quant * assert_assume_cmd * specification * identifiers * exprs * variable_decls * identifier * program * expr * body * constant_decl * declaration * assignment_cmd * commands * implementation * atom_fun * index * atom_old * command * block_end * type * procedure * atom_num * matrix_type * primitive_type * atom * binary_op * block * array_type * axiom * function * local_decls * atom_cast * atom_lit * havoc_cmd * atom_id) + LocalDecls(type_decl * parameters * unary_op * call_cmd * variable_decl * atom_quant * assert_assume_cmd * specification * identifiers * exprs * variable_decls * identifier * program * expr * body * constant_decl * declaration * assignment_cmd * commands * implementation * atom_fun * index * atom_old * command * block_end * type * procedure * atom_num * matrix_type * primitive_type * atom * binary_op * block * array_type * axiom * function * local_decls * atom_cast * atom_lit * havoc_cmd * atom_id) + AtomCast(type_decl * parameters * unary_op * call_cmd * variable_decl * atom_quant * assert_assume_cmd * specification * identifiers * exprs * variable_decls * identifier * program * expr * body * constant_decl * declaration * assignment_cmd * commands * implementation * atom_fun * index * atom_old * command * block_end * type * procedure * atom_num * matrix_type * primitive_type * atom * binary_op * block * array_type * axiom * function * local_decls * atom_cast * atom_lit * havoc_cmd * atom_id) + AtomLit(type_decl * parameters * unary_op * call_cmd * variable_decl * atom_quant * assert_assume_cmd * specification * identifiers * exprs * variable_decls * identifier * program * expr * body * constant_decl * declaration * assignment_cmd * commands * implementation * atom_fun * index * atom_old * command * block_end * type * procedure * atom_num * matrix_type * primitive_type * atom * binary_op * block * array_type * axiom * function * local_decls * atom_cast * atom_lit * havoc_cmd * atom_id) + HavocCmd(type_decl * parameters * unary_op * call_cmd * variable_decl * atom_quant * assert_assume_cmd * specification * identifiers * exprs * variable_decls * identifier * program * expr * body * constant_decl * declaration * assignment_cmd * commands * implementation * atom_fun * index * atom_old * command * block_end * type * procedure * atom_num * matrix_type * primitive_type * atom * binary_op * block * array_type * axiom * function * local_decls * atom_cast * atom_lit * havoc_cmd * atom_id) + AtomId(type_decl * parameters * unary_op * call_cmd * variable_decl * atom_quant * assert_assume_cmd * specification * identifiers * exprs * variable_decls * identifier * program * expr * body * constant_decl * declaration * assignment_cmd * commands * implementation * atom_fun * index * atom_old * command * block_end * type * procedure * atom_num * matrix_type * primitive_type * atom * binary_op * block * array_type * axiom * function * local_decls * atom_cast * atom_lit * havoc_cmd * atom_id)

