=== axiom-heap-1.bpl ===
=== index2.bpl ===
=== int-to-any-conv-2.bpl ===
=== int-to-any-conv.bpl ===
=== pass_in.bpl ===
=== pass_outref.bpl ===
=== repeat-fun.bpl ===
=== simple-access.bpl ===
